// Jest Snapshot v1, https://goo.gl/fbAQLP

exports[`Pruebas en GifItem Debe de hacer match con el Snapshot 1`] = `
<div>
  <div
    class="card"
  >
    <img
      alt="Hola"
      src="https://giphy.com/embed/hs67xo8fGYfx5KlBgV"
    />
    <p>
      Hola
    </p>
  </div>
</div>
`;
